digraph G {
	node [label="\N", fontname="FreeSans.ttf", fontsize=10, shape=record];
	edge [fontname="FreeSans.ttf", fontsize=10, labelfontname="FreeSans.ttf", labelfontsize=10];
	graph [bb="0,0,573,292"];
	Node1 [label="Source/ARP.cpp", height="0.22", width="1.25", color=black, fillcolor=grey75, style=filled, fontcolor=black, pos="278,276", rects="233,268,323,284"];
	Node2 [label="ARP.h", height="0.22", width="0.58", color=black, fillcolor=white, style=filled, URL="$_a_r_p_8h.html", pos="158,172", rects="137,164,180,180"];
	Node3 [label="string.h", height="0.22", width="0.61", color=grey75, fillcolor=white, style=filled, pos="309,16", rects="287,8,332,24"];
	Node4 [label="TEthernet.h", height="0.22", width="0.94", color=black, fillcolor=white, style=filled, URL="$_t_ethernet_8h.html", pos="191,68", rects="157,60,225,76"];
	Node5 [label="JPD.H", height="0.22", width="0.56", color=black, fillcolor=white, style=filled, URL="$_j_p_d_8_h.html", pos="242,120", rects="222,112,263,128"];
	Node6 [label="packet32.h", height="0.22", width="0.83", color=black, fillcolor=white, style=filled, URL="$_packet32_8h.html", pos="71,68", rects="41,60,102,76"];
	Node7 [label="winsock2.h", height="0.22", width="0.89", color=grey75, fillcolor=white, style=filled, pos="32,16", rects="0,8,64,24"];
	Node8 [label="devioctl.h", height="0.22", width="0.78", color=black, fillcolor=white, style=filled, URL="$_d_e_v_i_o_c_t_l_8_h.html", pos="110,16", rects="82,8,138,24"];
	Node9 [label=queue, height="0.22", width="0.53", color=grey75, fillcolor=white, style=filled, pos="262,68", rects="243,60,282,76"];
	Node10 [label="App.h", height="0.22", width="0.56", color=black, fillcolor=white, style=filled, URL="$_app_8h.html", pos="328,224", rects="308,216,348,232"];
	Node11 [label="ICMP.h", height="0.22", width="0.64", color=black, fillcolor=white, style=filled, URL="$_i_c_m_p_8h.html", pos="258,172", rects="235,164,282,180"];
	Node12 [label="DatagramaIP.h", height="0.22", width="1.14", color=black, fillcolor=white, style=filled, URL="$_datagrama_i_p_8h.html", pos="378,120", rects="337,112,420,128"];
	Node13 [label="UDP.h", height="0.22", width="0.58", color=black, fillcolor=white, style=filled, URL="$_u_d_p_8h.html", pos="396,172", rects="375,164,418,180"];
	Node14 [label="stdio.h", height="0.22", width="0.56", color=grey75, fillcolor=white, style=filled, pos="495,120", rects="475,112,515,128"];
	Node15 [label="conio.h", height="0.22", width="0.61", color=grey75, fillcolor=white, style=filled, pos="495,172", rects="473,164,517,180"];
	Node16 [label="time.h", height="0.22", width="0.53", color=grey75, fillcolor=white, style=filled, pos="554,172", rects="535,164,574,180"];
	Node1 -> Node2 [color=midnightblue, style=solid, pos="e,167,180 269,268 248,250 201,209 175,187"];
	Node2 -> Node3 [color=midnightblue, style=solid, pos="e,287,24 154,164 144,144 123,91 148,60 185,11 222,39 278,26"];
	Node2 -> Node4 [color=midnightblue, style=solid, pos="e,188,76 161,164 166,146 179,105 186,83"];
	Node4 -> Node3 [color=midnightblue, style=solid, pos="e,291,24 209,60 229,51 260,37 283,28"];
	Node2 -> Node5 [color=midnightblue, style=solid, pos="e,229,128 171,164 185,155 206,143 221,133"];
	Node5 -> Node6 [color=midnightblue, style=solid, pos="e,102,76 222,112 184,99 141,87 111,78"];
	Node6 -> Node7 [color=midnightblue, style=solid, pos="e,38,24 65,60 60,52 51,41 44,31"];
	Node6 -> Node8 [color=midnightblue, style=solid, pos="e,104,24 77,60 82,52 91,41 98,31"];
	Node5 -> Node9 [color=midnightblue, style=solid, pos="e,259,76 245,112 248,105 252,94 256,85"];
	Node1 -> Node10 [color=midnightblue, style=solid, pos="e,320,232 286,268 293,260 305,248 314,239"];
	Node10 -> Node2 [color=midnightblue, style=solid, pos="e,180,180 308,216 255,197 238,198 190,183"];
	Node10 -> Node11 [color=midnightblue, style=solid, pos="e,269,180 317,216 306,208 289,195 276,185"];
	Node11 -> Node5 [color=midnightblue, style=solid, pos="e,245,128 256,164 254,157 251,146 248,137"];
	Node10 -> Node12 [color=midnightblue, style=solid, pos="e,374,128 332,216 341,198 360,157 371,135"];
	Node12 -> Node3 [color=midnightblue, style=solid, pos="e,314,24 373,112 361,94 333,53 318,31"];
	Node12 -> Node4 [color=midnightblue, style=solid, pos="e,220,76 349,112 317,103 265,89 230,79"];
	Node10 -> Node13 [color=midnightblue, style=solid, pos="e,385,180 339,216 350,208 366,195 378,186"];
	Node13 -> Node3 [color=midnightblue, style=solid, pos="e,327,24 406,164 418,152 437,131 428,112 409,72 365,44 336,29"];
	Node13 -> Node14 [color=midnightblue, style=solid, pos="e,480,128 411,164 428,155 453,142 472,132"];
	Node13 -> Node12 [color=midnightblue, style=solid, pos="e,381,128 393,164 391,157 387,146 384,137"];
	Node13 -> Node5 [color=midnightblue, style=solid, pos="e,263,128 375,164 328,147 314,145 272,131"];
	Node10 -> Node5 [color=midnightblue, style=solid, pos="e,236,128 311,216 305,213 298,210 292,208 291,207 226,180 226,180 217,166 224,147 231,135"];
	Node10 -> Node14 [color=midnightblue, style=solid, pos="e,487,128 347,216 372,206 412,188 426,180 447,166 469,147 482,133"];
	Node10 -> Node15 [color=midnightblue, style=solid, pos="e,473,180 348,216 399,198 416,197 465,183"];
	Node10 -> Node16 [color=midnightblue, style=solid, pos="e,535,180 348,216 426,193 452,203 527,182"];
	Node10 -> Node3 [color=midnightblue, style=solid, pos="e,310,24 327,216 324,185 315,77 311,34"];
}
