digraph G {
	node [label="\N", fontname="FreeSans.ttf", fontsize=10, shape=record];
	edge [fontname="FreeSans.ttf", fontsize=10, labelfontname="FreeSans.ttf", labelfontsize=10];
	graph [bb="0,0,610,292"];
	Node1 [label="Source/App.cpp", height="0.22", width="1.19", color=black, fillcolor=grey75, style=filled, fontcolor=black, pos="391,276", rects="348,268,435,284"];
	Node2 [label="App.h", height="0.22", width="0.56", color=black, fillcolor=white, style=filled, URL="$_app_8h.html", pos="249,224", rects="229,216,269,232"];
	Node3 [label="ARP.h", height="0.22", width="0.58", color=black, fillcolor=white, style=filled, URL="$_a_r_p_8h.html", pos="219,172", rects="198,164,241,180"];
	Node4 [label="string.h", height="0.22", width="0.61", color=grey75, fillcolor=white, style=filled, pos="151,16", rects="129,8,174,24"];
	Node5 [label="TEthernet.h", height="0.22", width="0.94", color=black, fillcolor=white, style=filled, URL="$_t_ethernet_8h.html", pos="213,68", rects="179,60,247,76"];
	Node6 [label="JPD.H", height="0.22", width="0.56", color=black, fillcolor=white, style=filled, URL="$_j_p_d_8_h.html", pos="372,120", rects="352,112,393,128"];
	Node7 [label="packet32.h", height="0.22", width="0.83", color=black, fillcolor=white, style=filled, URL="$_packet32_8h.html", pos="424,68", rects="394,60,455,76"];
	Node8 [label="winsock2.h", height="0.22", width="0.89", color=grey75, fillcolor=white, style=filled, pos="463,16", rects="431,8,495,24"];
	Node9 [label="devioctl.h", height="0.22", width="0.78", color=black, fillcolor=white, style=filled, URL="$_d_e_v_i_o_c_t_l_8_h.html", pos="385,16", rects="357,8,413,24"];
	Node10 [label=queue, height="0.22", width="0.53", color=grey75, fillcolor=white, style=filled, pos="357,68", rects="338,60,377,76"];
	Node11 [label="ICMP.h", height="0.22", width="0.64", color=black, fillcolor=white, style=filled, URL="$_i_c_m_p_8h.html", pos="437,172", rects="414,164,461,180"];
	Node12 [label="DatagramaIP.h", height="0.22", width="1.14", color=black, fillcolor=white, style=filled, URL="$_datagrama_i_p_8h.html", pos="175,120", rects="134,112,217,128"];
	Node13 [label="UDP.h", height="0.22", width="0.58", color=black, fillcolor=white, style=filled, URL="$_u_d_p_8h.html", pos="121,172", rects="100,164,143,180"];
	Node14 [label="stdio.h", height="0.22", width="0.56", color=grey75, fillcolor=white, style=filled, pos="58,120", rects="38,112,78,128"];
	Node15 [label="conio.h", height="0.22", width="0.61", color=grey75, fillcolor=white, style=filled, pos="280,172", rects="258,164,302,180"];
	Node16 [label="time.h", height="0.22", width="0.53", color=grey75, fillcolor=white, style=filled, pos="339,172", rects="320,164,359,180"];
	Node17 [label="pantalla.h", height="0.22", width="0.78", color=black, fillcolor=white, style=filled, URL="$pantalla_8h.html", pos="504,224", rects="476,216,533,232"];
	Node18 [label="windows.h", height="0.22", width="0.86", color=grey75, fillcolor=white, style=filled, pos="579,172", rects="548,164,610,180"];
	Node19 [label="process.h", height="0.22", width="0.72", color=grey75, fillcolor=white, style=filled, pos="504,172", rects="478,164,531,180"];
	Node1 -> Node2 [color=midnightblue, style=solid, pos="e,269,232 368,268 345,260 309,247 277,235"];
	Node2 -> Node3 [color=midnightblue, style=solid, pos="e,224,180 244,216 240,208 234,197 228,188"];
	Node3 -> Node4 [color=midnightblue, style=solid, pos="e,174,24 226,164 243,145 280,94 256,60 251,53 211,37 182,27"];
	Node3 -> Node5 [color=midnightblue, style=solid, pos="e,216,76 221,164 224,152 228,130 225,112 224,102 221,92 219,84"];
	Node5 -> Node4 [color=midnightblue, style=solid, pos="e,161,24 203,60 194,52 179,40 168,30"];
	Node3 -> Node6 [color=midnightblue, style=solid, pos="e,352,128 241,164 287,148 302,145 342,131"];
	Node6 -> Node7 [color=midnightblue, style=solid, pos="e,416,76 380,112 388,104 400,92 410,82"];
	Node7 -> Node8 [color=midnightblue, style=solid, pos="e,457,24 430,60 435,52 444,41 451,31"];
	Node7 -> Node9 [color=midnightblue, style=solid, pos="e,391,24 418,60 413,52 404,41 397,31"];
	Node6 -> Node10 [color=midnightblue, style=solid, pos="e,359,76 370,112 368,105 365,94 362,85"];
	Node2 -> Node11 [color=midnightblue, style=solid, pos="e,414,180 269,216 330,196 349,198 404,183"];
	Node11 -> Node6 [color=midnightblue, style=solid, pos="e,382,128 427,164 417,156 402,143 389,134"];
	Node2 -> Node12 [color=midnightblue, style=solid, pos="e,175,128 236,216 221,206 196,189 189,180 180,167 177,148 176,136"];
	Node12 -> Node4 [color=midnightblue, style=solid, pos="e,153,24 173,112 169,94 159,54 155,31"];
	Node12 -> Node5 [color=midnightblue, style=solid, pos="e,207,76 181,112 186,104 195,93 202,84"];
	Node2 -> Node13 [color=midnightblue, style=solid, pos="e,141,180 229,216 208,207 173,193 149,183"];
	Node13 -> Node4 [color=midnightblue, style=solid, pos="e,148,24 121,164 121,152 122,130 125,112 130,82 140,48 146,30"];
	Node13 -> Node14 [color=midnightblue, style=solid, pos="e,68,128 111,164 101,156 87,144 75,134"];
	Node13 -> Node12 [color=midnightblue, style=solid, pos="e,167,128 129,164 138,156 150,144 160,134"];
	Node13 -> Node6 [color=midnightblue, style=solid, pos="e,352,128 143,164 232,140 260,152 343,130"];
	Node2 -> Node6 [color=midnightblue, style=solid, pos="e,374,128 269,216 275,213 366,182 367,180 377,167 377,149 375,136"];
	Node2 -> Node14 [color=midnightblue, style=solid, pos="e,60,128 229,216 169,196 142,218 91,180 77,168 67,149 62,135"];
	Node2 -> Node15 [color=midnightblue, style=solid, pos="e,275,180 254,216 259,208 265,197 270,188"];
	Node2 -> Node16 [color=midnightblue, style=solid, pos="e,325,180 263,216 278,207 300,194 317,185"];
	Node2 -> Node4 [color=midnightblue, style=solid, pos="e,132,24 229,216 219,213 83,184 75,180 49,164 40,156 29,128 27,121 26,118 29,112 49,72 93,44 123,29"];
	Node1 -> Node17 [color=midnightblue, style=solid, pos="e,486,232 409,268 428,259 457,246 478,236"];
	Node17 -> Node18 [color=midnightblue, style=solid, pos="e,567,180 516,216 528,208 546,195 560,185"];
	Node17 -> Node19 [color=midnightblue, style=solid, pos="e,504,180 504,216 504,209 504,198 504,189"];
}
