digraph G {
	node [label="\N", fontname="FreeSans.ttf", fontsize=10, shape=record];
	edge [fontname="FreeSans.ttf", fontsize=10, labelfontname="FreeSans.ttf", labelfontsize=10];
	graph [bb="0,0,202,188"];
	Node1 [label="Source/DatagramaIP.cpp", height="0.22", width="1.81", color=black, fillcolor=grey75, style=filled, fontcolor=black, pos="120,172", rects="55,164,186,180"];
	Node2 [label="DatagramaIP.h", height="0.22", width="1.14", color=black, fillcolor=white, style=filled, URL="$_datagrama_i_p_8h.html", pos="41,120", rects="0,112,83,128"];
	Node3 [label="string.h", height="0.22", width="0.61", color=grey75, fillcolor=white, style=filled, pos="41,16", rects="19,8,64,24"];
	Node4 [label="TEthernet.h", height="0.22", width="0.94", color=black, fillcolor=white, style=filled, URL="$_t_ethernet_8h.html", pos="72,68", rects="38,60,106,76"];
	Node5 [label="stdio.h", height="0.22", width="0.56", color=grey75, fillcolor=white, style=filled, pos="120,120", rects="100,112,140,128"];
	Node6 [label="conio.h", height="0.22", width="0.61", color=grey75, fillcolor=white, style=filled, pos="180,120", rects="158,112,202,128"];
	Node1 -> Node2 [color=midnightblue, style=solid, pos="e,53,128 108,164 95,156 75,143 60,133"];
	Node2 -> Node3 [color=midnightblue, style=solid, pos="e,38,24 38,112 35,103 31,89 29,76 27,61 32,44 36,32"];
	Node2 -> Node4 [color=midnightblue, style=solid, pos="e,67,76 46,112 51,104 57,93 62,84"];
	Node4 -> Node3 [color=midnightblue, style=solid, pos="e,46,24 67,60 62,52 56,41 51,32"];
	Node1 -> Node5 [color=midnightblue, style=solid, pos="e,120,128 120,164 120,157 120,146 120,137"];
	Node1 -> Node6 [color=midnightblue, style=solid, pos="e,170,128 129,164 138,156 152,144 163,134"];
}
