digraph G {
	node [label="\N", fontname="FreeSans.ttf", fontsize=10, shape=record];
	edge [fontname="FreeSans.ttf", fontsize=10, labelfontname="FreeSans.ttf", labelfontsize=10];
	graph [bb="0,0,157,188"];
	Node1 [label="Source/ICMP.h", height="0.22", width="1.17", color=black, fillcolor=grey75, style=filled, fontcolor=black, pos="104,172", rects="62,164,146,180"];
	Node2 [label="JPD.H", height="0.22", width="0.56", color=black, fillcolor=white, style=filled, URL="$_j_p_d_8_h.html", pos="104,120", rects="84,112,125,128"];
	Node3 [label="packet32.h", height="0.22", width="0.83", color=black, fillcolor=white, style=filled, URL="$_packet32_8h.html", pos="71,68", rects="41,60,102,76"];
	Node4 [label="winsock2.h", height="0.22", width="0.89", color=grey75, fillcolor=white, style=filled, pos="32,16", rects="0,8,64,24"];
	Node5 [label="devioctl.h", height="0.22", width="0.78", color=black, fillcolor=white, style=filled, URL="$_d_e_v_i_o_c_t_l_8_h.html", pos="110,16", rects="82,8,138,24"];
	Node6 [label=queue, height="0.22", width="0.53", color=grey75, fillcolor=white, style=filled, pos="138,68", rects="119,60,158,76"];
	Node1 -> Node2 [color=midnightblue, style=solid, pos="e,104,128 104,164 104,157 104,146 104,137"];
	Node2 -> Node3 [color=midnightblue, style=solid, pos="e,76,76 99,112 94,104 87,93 81,84"];
	Node3 -> Node4 [color=midnightblue, style=solid, pos="e,38,24 65,60 60,52 51,41 44,31"];
	Node3 -> Node5 [color=midnightblue, style=solid, pos="e,104,24 77,60 82,52 91,41 98,31"];
	Node2 -> Node6 [color=midnightblue, style=solid, pos="e,133,76 109,112 114,104 122,93 128,84"];
}
