digraph G {
	node [label="\N", fontname="FreeSans.ttf", fontsize=10, shape=record];
	edge [fontname="FreeSans.ttf", fontsize=10, labelfontname="FreeSans.ttf", labelfontsize=10];
	graph [bb="0,0,490,292"];
	Node1 [label="Source/UDP.cpp", height="0.22", width="1.25", color=black, fillcolor=grey75, style=filled, fontcolor=black, pos="249,276", rects="204,268,294,284"];
	Node2 [label="UDP.h", height="0.22", width="0.58", color=black, fillcolor=white, style=filled, URL="$_u_d_p_8h.html", pos="113,172", rects="92,164,135,180"];
	Node3 [label="string.h", height="0.22", width="0.61", color=grey75, fillcolor=white, style=filled, pos="102,16", rects="80,8,125,24"];
	Node4 [label="stdio.h", height="0.22", width="0.56", color=grey75, fillcolor=white, style=filled, pos="196,120", rects="176,112,216,128"];
	Node5 [label="DatagramaIP.h", height="0.22", width="1.14", color=black, fillcolor=white, style=filled, URL="$_datagrama_i_p_8h.html", pos="117,120", rects="76,112,159,128"];
	Node6 [label="TEthernet.h", height="0.22", width="0.94", color=black, fillcolor=white, style=filled, URL="$_t_ethernet_8h.html", pos="164,68", rects="130,60,198,76"];
	Node7 [label="JPD.H", height="0.22", width="0.56", color=black, fillcolor=white, style=filled, URL="$_j_p_d_8_h.html", pos="335,120", rects="315,112,356,128"];
	Node8 [label="packet32.h", height="0.22", width="0.83", color=black, fillcolor=white, style=filled, URL="$_packet32_8h.html", pos="340,68", rects="310,60,371,76"];
	Node9 [label="winsock2.h", height="0.22", width="0.89", color=grey75, fillcolor=white, style=filled, pos="379,16", rects="347,8,411,24"];
	Node10 [label="devioctl.h", height="0.22", width="0.78", color=black, fillcolor=white, style=filled, URL="$_d_e_v_i_o_c_t_l_8_h.html", pos="301,16", rects="273,8,329,24"];
	Node11 [label=queue, height="0.22", width="0.53", color=grey75, fillcolor=white, style=filled, pos="407,68", rects="388,60,427,76"];
	Node12 [label="App.h", height="0.22", width="0.56", color=black, fillcolor=white, style=filled, URL="$_app_8h.html", pos="249,224", rects="229,216,269,232"];
	Node13 [label="ARP.h", height="0.22", width="0.58", color=black, fillcolor=white, style=filled, URL="$_a_r_p_8h.html", pos="249,172", rects="228,164,271,180"];
	Node14 [label="ICMP.h", height="0.22", width="0.64", color=black, fillcolor=white, style=filled, URL="$_i_c_m_p_8h.html", pos="349,172", rects="326,164,373,180"];
	Node15 [label="conio.h", height="0.22", width="0.61", color=grey75, fillcolor=white, style=filled, pos="468,172", rects="446,164,490,180"];
	Node16 [label="time.h", height="0.22", width="0.53", color=grey75, fillcolor=white, style=filled, pos="409,172", rects="390,164,429,180"];
	Node1 -> Node2 [color=midnightblue, style=solid, pos="e,124,180 238,268 215,250 160,208 132,186"];
	Node2 -> Node3 [color=midnightblue, style=solid, pos="e,96,24 100,164 89,156 74,143 67,128 53,94 76,52 91,31"];
	Node2 -> Node4 [color=midnightblue, style=solid, pos="e,183,128 126,164 139,155 160,143 175,133"];
	Node2 -> Node5 [color=midnightblue, style=solid, pos="e,116,128 114,164 115,157 115,146 116,137"];
	Node5 -> Node3 [color=midnightblue, style=solid, pos="e,103,24 116,112 113,94 108,54 104,31"];
	Node5 -> Node6 [color=midnightblue, style=solid, pos="e,157,76 124,112 131,104 142,92 151,83"];
	Node6 -> Node3 [color=midnightblue, style=solid, pos="e,112,24 154,60 145,52 130,40 119,30"];
	Node2 -> Node7 [color=midnightblue, style=solid, pos="e,315,128 135,164 211,142 235,150 306,131"];
	Node7 -> Node8 [color=midnightblue, style=solid, pos="e,339,76 336,112 337,105 337,94 338,85"];
	Node8 -> Node9 [color=midnightblue, style=solid, pos="e,373,24 346,60 351,52 360,41 367,31"];
	Node8 -> Node10 [color=midnightblue, style=solid, pos="e,307,24 334,60 329,52 320,41 313,31"];
	Node7 -> Node11 [color=midnightblue, style=solid, pos="e,396,76 346,112 358,104 375,91 389,81"];
	Node1 -> Node12 [color=midnightblue, style=solid, pos="e,249,232 249,268 249,261 249,250 249,241"];
	Node12 -> Node13 [color=midnightblue, style=solid, pos="e,249,180 249,216 249,209 249,198 249,189"];
	Node13 -> Node3 [color=midnightblue, style=solid, pos="e,125,24 250,164 251,152 252,130 245,112 236,85 230,77 207,60 195,50 160,36 133,27"];
	Node13 -> Node6 [color=midnightblue, style=solid, pos="e,180,76 247,164 245,151 238,128 225,112 215,99 200,88 188,80"];
	Node13 -> Node7 [color=midnightblue, style=solid, pos="e,322,128 262,164 277,155 298,142 315,133"];
	Node12 -> Node14 [color=midnightblue, style=solid, pos="e,334,180 265,216 282,207 307,194 326,184"];
	Node14 -> Node7 [color=midnightblue, style=solid, pos="e,337,128 347,164 345,157 342,146 340,137"];
	Node12 -> Node5 [color=midnightblue, style=solid, pos="e,127,128 239,216 216,198 163,156 135,134"];
	Node12 -> Node2 [color=midnightblue, style=solid, pos="e,135,180 229,216 199,204 166,191 142,183"];
	Node12 -> Node7 [color=midnightblue, style=solid, pos="e,328,128 256,216 270,198 304,157 323,135"];
	Node12 -> Node4 [color=midnightblue, style=solid, pos="e,199,128 243,216 236,207 226,193 219,180 212,165 205,148 201,135"];
	Node12 -> Node15 [color=midnightblue, style=solid, pos="e,446,180 269,216 342,193 366,200 437,182"];
	Node12 -> Node16 [color=midnightblue, style=solid, pos="e,390,180 269,216 318,198 335,198 382,183"];
	Node12 -> Node3 [color=midnightblue, style=solid, pos="e,92,24 229,216 197,205 109,201 83,180 42,145 45,109 65,60 70,48 79,38 86,30"];
	Node1 -> Node15 [color=midnightblue, style=solid, pos="e,451,180 266,268 304,249 397,205 442,184"];
}
